// Vitest Snapshot v1, https://vitest.dev/guide/snapshot.html

exports[`Input.vue > matches the snapshot 1`] = `
"<section data-v-9f8d6c86="" data-v-d890ad85="" class="unnnic-form-element unnnic-form md" data-testid="form-element">
  <section data-v-7f222291="" data-v-9f8d6c86="" class="unnnic-label unnnic-form-element__label">
    <p data-v-7f222291="" class="unnnic-label__label">Sample Label</p>
    <!--v-if-->
  </section>
  <div data-v-a0d36167="" data-v-d890ad85="" class="text-input size--md unnnic-form-input" hascloudycolor="false" mask="####-####"><input data-v-86533b41="" data-v-a0d36167="" class="unnnic-form-input input-itself input size-md normal input--has-icon-left input--has-icon-right unnnic-form-input input-itself" hascloudycolor="false" placeholder="Enter text" iconleft="search" iconright="clear" iconleftclickable="true" iconrightclickable="true" showclear="false" type="text" value=""><span data-v-26446d8e="" data-v-a0d36167="" class="unnnic-icon material-symbols-rounded unnnic-icon-scheme--fg-base unnnic-icon-size--ant unnnic-icon__size--ant unnnic--clickable icon-left clickable" data-testid="material-icon" translate="no">search</span>
    <section data-v-a0d36167="" class="icon-right-container">
      <!--v-if--><span data-v-26446d8e="" data-v-a0d36167="" class="unnnic-icon material-symbols-rounded unnnic-icon-scheme--fg-base unnnic-icon-size--ant unnnic-icon__size--ant unnnic--clickable icon-right clickable" data-testid="material-icon" translate="no">clear</span>
    </section>
  </div>
  <section data-v-9f8d6c86="" class="unnnic-form-element__hints-container">
    <section data-v-9f8d6c86="" class="unnnic-form-element__message-container">
      <p data-v-9f8d6c86="" class="unnnic-form-element__message">Error message</p>
      <!--v-if-->
    </section>
    <!--v-if-->
  </section>
</section>"
`;
