// Vitest Snapshot v1, https://vitest.dev/guide/snapshot.html

exports[`TextInput.vue > matches the snapshot 1`] = `"<div data-v-a0d36167="" class="text-input size--md text-input--icon-right-size-sm"><input data-v-86533b41="" data-v-a0d36167="" placeholder="Enter text" iconleft="search" iconright="clear" iconleftclickable="true" iconrightclickable="true" iconrightsize="sm" allowtogglepassword="false" hascloudycolor="false" class="input-itself input size-md normal input--has-icon-left input--has-icon-right input-itself" type="text"><span data-v-26446d8e="" data-v-a0d36167="" class="material-symbols-rounded unnnic-icon-scheme--neutral-cloudy unnnic-icon-size--sm unnnic--clickable icon-left clickable" data-testid="material-icon">search</span><span data-v-26446d8e="" data-v-a0d36167="" class="material-symbols-rounded unnnic-icon-scheme--neutral-cloudy unnnic-icon-size--sm unnnic--clickable icon-right clickable" data-testid="material-icon">clear</span></div>"`;
