// Vitest Snapshot v1, https://vitest.dev/guide/snapshot.html

exports[`Switch > should match the snapshot 1`] = `
"<section data-v-e4356c9d="" class="unnnic-switch">
  <!--v-if--><label data-v-e4356c9d="" class="unnnic-switch__input-wrapper"><input data-v-e4356c9d="" class="unnnic-switch__input" type="checkbox">
    <!--v-if-->
  </label>
  <!--v-if-->
</section>"
`;
