// Vitest Snapshot v1, https://vitest.dev/guide/snapshot.html

exports[`Drawer.vue > Component Rendering > Component Rendering > matches the snapshot 1`] = `
"<div data-v-196de012="" class="unnnic-drawer" data-testid="drawer" open="true">
  <div data-v-196de012="" showoverlay="true" data-testid="drawer-container" size="medium" class="unnnic-drawer__container unnnic-drawer__container--md">
    <header data-v-39d0dfb8="" data-v-196de012="" class="unnnic-drawer__header unnnic-drawer__header">
      <section data-v-196de012="" class="unnnic-drawer__title-container">
        <div data-v-196de012="" class="unnnic-drawer__title" data-testid="drawer-title">Test Title</div>
        <div data-v-196de012="" class="unnnic-drawer__description" data-testid="drawer-description">Test Description</div>
      </section>
      <div data-v-196de012="">
        <unnnic-button-stub data-v-196de012="" size="small" text="" type="tertiary" float="false" iconleft="" iconright="" iconcenter="arrow_forward" iconsfilled="false" disabled="false" loading="false" class="unnnic-drawer__close-icon" data-testid="close-icon"></unnnic-button-stub>
      </div>
    </header>
    <section data-v-196de012="" class="unnnic-drawer__content"></section>
    <div data-v-196de012="" class="unnnic-drawer__footer" data-testid="footer">
      <unnnic-button-stub data-v-196de012="" size="large" text="Secondary Action" type="tertiary" float="false" iconleft="" iconright="" iconcenter="" iconsfilled="false" disabled="false" loading="false" data-testid="secondary-button"></unnnic-button-stub>
      <unnnic-button-stub data-v-196de012="" size="large" text="Primary Action" type="primary" float="false" iconleft="" iconright="" iconcenter="" iconsfilled="false" disabled="false" loading="false" data-testid="primary-button"></unnnic-button-stub>
    </div>
  </div>
</div>"
`;
