// Vitest Snapshot v1, https://vitest.dev/guide/snapshot.html

exports[`UnnnicPopover.vue > matches the snapshot 1`] = `
"<section data-v-5a3125ac="" class="unnnic-popover">
  <div data-v-5a3125ac="" class="unnnic-popover__trigger" data-testid="popover-trigger"><button data-testid="trigger-button">Click me</button></div>
  <!--v-if-->
</section>"
`;
