// Vitest Snapshot v1, https://vitest.dev/guide/snapshot.html

exports[`ModalDialog.vue > Elements rendering > matches the snapshot 1`] = `"<unnnic-dialog-content-stub data-v-68ebadeb="" forcemount="false" disableoutsidepointerevents="false" aschild="false" parentclass="unnnic-modal-dialog," class="unnnic-modal-dialog__container" size="medium" data-testid="modal-dialog"></unnnic-dialog-content-stub>"`;
