// Vitest Snapshot v1, https://vitest.dev/guide/snapshot.html

exports[`UnnnicAlert.vue > matches the snapshot 1`] = `
"<transition-stub data-v-c3231c18="" name="toast-slide" appear="true" persisted="false" css="true" icon="alert-icon" position="top-right" closetext="Close">
  <aside data-v-c3231c18="" class="unnnic-toast unnnic-toast--informational" role="status" aria-live="polite" data-testid="unnnic-toast">
    <section data-v-c3231c18="" class="unnnic-toast__content">
      <header data-v-c3231c18="" class="unnnic-toast__header"><span data-v-26446d8e="" data-v-c3231c18="" class="material-symbols-rounded unnnic-icon-scheme--blue-500 unnnic-icon-size--ant" data-testid="toast-type-icon" translate="no">info</span>
        <h3 data-v-c3231c18="" class="unnnic-toast__title">Test Alert</h3><span data-v-26446d8e="" data-v-c3231c18="" class="material-symbols-rounded unnnic-icon-scheme--neutral-dark unnnic-icon-size--ant unnnic--clickable unnnic-toast__close" data-testid="toast-close-button" translate="no">close</span>
      </header>
      <!--v-if-->
    </section>
    <!--v-if-->
  </aside>
</transition-stub>"
`;
